******************************************************************************
                  TI ARM Linker PC v18.1.1                     
******************************************************************************
>> Linked Sat Apr 28 17:28:28 2018

OUTPUT FILE NAME:   <A5_interrupt_timer.out>
ENTRY POINT SYMBOL: "_c_int00_noargs"  address: 00000799


MEMORY CONFIGURATION

         name            origin    length      used     unused   attr    fill
----------------------  --------  ---------  --------  --------  ----  --------
  MAIN                  00000000   00040000  00000836  0003f7ca  R  X
  INFO                  00200000   00004000  00000000  00004000  R  X
  SRAM_CODE             01000000   00010000  0000020c  0000fdf4  RW X
  SRAM_DATA             20000000   00010000  0000020c  0000fdf4  RW  


SEGMENT ALLOCATION MAP

run origin  load origin   length   init length attrs members
----------  ----------- ---------- ----------- ----- -------
00000000    00000000    00000838   00000838    r-x
  00000000    00000000    000000e4   000000e4    r-- .intvecs
  000000e4    000000e4    00000722   00000722    r-x .text
  00000808    00000808    00000030   00000030    r-- .cinit
20000000    20000000    0000000c   00000000    rw-
  20000000    20000000    00000008   00000000    rw- .bss
  20000008    20000008    00000004   00000000    rw- .data
2000fe00    2000fe00    00000200   00000000    rw-
  2000fe00    2000fe00    00000200   00000000    rw- .stack


SECTION ALLOCATION MAP

 output                                  attributes/
section   page    origin      length       input sections
--------  ----  ----------  ----------   ----------------
.intvecs   0    00000000    000000e4     
                  00000000    000000e4     startup_msp432p401r_ccs.obj (.intvecs:retain)

.text      0    000000e4    00000722     
                  000000e4    00000334     system_msp432p401r.obj (.text)
                  00000418    00000238     main.obj (.text)
                  00000650    0000009c     rtsv7M4_T_le_v4SPD16_eabi.lib : memcpy_t2.asm.obj (.text)
                  000006ec    00000068                                   : copy_decompress_lzss.c.obj (.text:decompress:lzss:__TI_decompress_lzss)
                  00000754    00000044                                   : autoinit.c.obj (.text:__TI_auto_init_nobinit_nopinit:__TI_auto_init_nobinit_nopinit)
                  00000798    00000038                                   : boot_cortex_m.c.obj (.text:_c_int00_noargs:_c_int00_noargs)
                  000007d0    00000012                                   : copy_zero_init.c.obj (.text:decompress:ZI:__TI_zero_init_nomemset:__TI_zero_init_nomemset)
                  000007e2    0000000e                                   : copy_decompress_none.c.obj (.text:decompress:none:__TI_decompress_none)
                  000007f0    0000000e     startup_msp432p401r_ccs.obj (.text)
                  000007fe    00000004     rtsv7M4_T_le_v4SPD16_eabi.lib : pre_init.c.obj (.text:_system_pre_init)
                  00000802    00000004                                   : exit.c.obj (.text:abort:abort)

.cinit     0    00000808    00000030     
                  00000808    0000000c     (__TI_handler_table)
                  00000814    00000004     --HOLE-- [fill = 0]
                  00000818    00000008     (.cinit..bss.load) [load image, compression = zero_init]
                  00000820    00000008     (.cinit..data.load) [load image, compression = lzss]
                  00000828    00000010     (__TI_cinit_table)

.init_array 
*          0    00000000    00000000     UNINITIALIZED

.binit     0    00000000    00000000     

.bss       0    20000000    00000008     UNINITIALIZED
                  20000000    00000004     (.common:count)
                  20000004    00000004     (.common:i)

.data      0    20000008    00000004     UNINITIALIZED
                  20000008    00000004     system_msp432p401r.obj (.data)

.stack     0    2000fe00    00000200     UNINITIALIZED
                  2000fe00    00000004     rtsv7M4_T_le_v4SPD16_eabi.lib : boot_cortex_m.c.obj (.stack)
                  2000fe04    000001fc     --HOLE--

MODULE SUMMARY

       Module                        code   ro data   rw data
       ------                        ----   -------   -------
    .\
       system_msp432p401r.obj        820    0         8      
       main.obj                      568    0         16     
       startup_msp432p401r_ccs.obj   14     228       0      
    +--+-----------------------------+------+---------+---------+
       Total:                        1402   228       24     
                                                             
    C:\ti\ccsv8\tools\compiler\ti-cgt-arm_18.1.1.LTS\lib\rtsv7M4_T_le_v4SPD16_eabi.lib
       memcpy_t2.asm.obj             156    0         0      
       copy_decompress_lzss.c.obj    104    0         0      
       autoinit.c.obj                68     0         0      
       boot_cortex_m.c.obj           56     0         0      
       copy_zero_init.c.obj          18     0         0      
       copy_decompress_none.c.obj    14     0         0      
       exit.c.obj                    4      0         0      
       pre_init.c.obj                4      0         0      
    +--+-----------------------------+------+---------+---------+
       Total:                        424    0         0      
                                                             
       Stack:                        0      0         1024   
       Linker Generated:             0      44        0      
    +--+-----------------------------+------+---------+---------+
       Grand Total:                  1826   272       1048   


LINKER GENERATED COPY TABLES

__TI_cinit_table @ 00000828 records: 2, size/record: 8, table size: 16
	.bss: load addr=00000818, load size=00000008 bytes, run addr=20000000, run size=00000008 bytes, compression=zero_init
	.data: load addr=00000820, load size=00000008 bytes, run addr=20000008, run size=00000004 bytes, compression=lzss


LINKER GENERATED HANDLER TABLE

__TI_handler_table @ 00000808 records: 3, size/record: 4, table size: 12
	index: 0, handler: __TI_decompress_lzss
	index: 1, handler: __TI_decompress_none
	index: 2, handler: __TI_zero_init


GLOBAL SYMBOLS: SORTED ALPHABETICALLY BY Name 

address   name                          
-------   ----                          
000007fd  ADC14_IRQHandler              
000007fd  AES256_IRQHandler             
000007fd  BusFault_Handler              
00000803  C$$EXIT                       
000007fd  COMP_E0_IRQHandler            
000007fd  COMP_E1_IRQHandler            
000007fd  CS_IRQHandler                 
000007fd  DMA_ERR_IRQHandler            
000007fd  DMA_INT0_IRQHandler           
000007fd  DMA_INT1_IRQHandler           
000007fd  DMA_INT2_IRQHandler           
000007fd  DMA_INT3_IRQHandler           
000007fd  DebugMon_Handler              
000007fd  Default_Handler               
000007fd  EUSCIA0_IRQHandler            
000007fd  EUSCIA1_IRQHandler            
000007fd  EUSCIA2_IRQHandler            
000007fd  EUSCIA3_IRQHandler            
000007fd  EUSCIB0_IRQHandler            
000007fd  EUSCIB1_IRQHandler            
000007fd  EUSCIB2_IRQHandler            
000007fd  EUSCIB3_IRQHandler            
000007fd  FLCTL_IRQHandler              
000007fd  FPU_IRQHandler                
000007fd  HardFault_Handler             
000007fd  MemManage_Handler             
000007fd  NMI_Handler                   
000007fd  PCM_IRQHandler                
000007fd  PORT1_IRQHandler              
000007fd  PORT2_IRQHandler              
000007fd  PORT3_IRQHandler              
000007fd  PORT4_IRQHandler              
000007fd  PORT5_IRQHandler              
000007fd  PORT6_IRQHandler              
000007fd  PSS_IRQHandler                
000007fd  PendSV_Handler                
000007fd  RTC_C_IRQHandler              
000007f1  Reset_Handler                 
000007fd  SVC_Handler                   
000007fd  SysTick_Handler               
20000008  SystemCoreClock               
000000e5  SystemCoreClockUpdate         
0000035d  SystemInit                    
000007fd  T32_INT1_IRQHandler           
000007fd  T32_INT2_IRQHandler           
000007fd  T32_INTC_IRQHandler           
000005d1  TA0_0_IRQHandler              
000005d1  TA0_0_IRQHandler              
000007fd  TA0_N_IRQHandler              
000007fd  TA1_0_IRQHandler              
000007fd  TA1_N_IRQHandler              
000007fd  TA2_0_IRQHandler              
000007fd  TA2_N_IRQHandler              
000007fd  TA3_0_IRQHandler              
000007fd  TA3_N_IRQHandler              
000007fd  UsageFault_Handler            
4000480c  WDTCTL_SYM                    
000007fd  WDT_A_IRQHandler              
20010000  __STACK_END                   
00000200  __STACK_SIZE                  
00000828  __TI_CINIT_Base               
00000838  __TI_CINIT_Limit              
00000808  __TI_Handler_Table_Base       
00000814  __TI_Handler_Table_Limit      
00000755  __TI_auto_init_nobinit_nopinit
000006ed  __TI_decompress_lzss          
000007e3  __TI_decompress_none          
ffffffff  __TI_pprof_out_hndl           
ffffffff  __TI_prof_data_size           
ffffffff  __TI_prof_data_start          
00000000  __TI_static_base__            
000007d1  __TI_zero_init_nomemset       
00000651  __aeabi_memcpy                
00000651  __aeabi_memcpy4               
00000651  __aeabi_memcpy8               
ffffffff  __binit__                     
ffffffff  __c_args__                    
UNDEFED   __mpu_init                    
2000fe00  __stack                       
00000799  _c_int00_noargs               
UNDEFED   _system_post_cinit            
000007ff  _system_pre_init              
00000803  abort                         
ffffffff  binit                         
20000000  count                         
000004fb  delay_us                      
20000004  i                             
00000000  interruptVectors              
00000557  main                          
00000651  memcpy                        
00000419  set_DCO                       


GLOBAL SYMBOLS: SORTED BY Symbol Address 

address   name                          
-------   ----                          
00000000  __TI_static_base__            
00000000  interruptVectors              
000000e5  SystemCoreClockUpdate         
00000200  __STACK_SIZE                  
0000035d  SystemInit                    
00000419  set_DCO                       
000004fb  delay_us                      
00000557  main                          
000005d1  TA0_0_IRQHandler              
000005d1  TA0_0_IRQHandler              
00000651  __aeabi_memcpy                
00000651  __aeabi_memcpy4               
00000651  __aeabi_memcpy8               
00000651  memcpy                        
000006ed  __TI_decompress_lzss          
00000755  __TI_auto_init_nobinit_nopinit
00000799  _c_int00_noargs               
000007d1  __TI_zero_init_nomemset       
000007e3  __TI_decompress_none          
000007f1  Reset_Handler                 
000007fd  ADC14_IRQHandler              
000007fd  AES256_IRQHandler             
000007fd  BusFault_Handler              
000007fd  COMP_E0_IRQHandler            
000007fd  COMP_E1_IRQHandler            
000007fd  CS_IRQHandler                 
000007fd  DMA_ERR_IRQHandler            
000007fd  DMA_INT0_IRQHandler           
000007fd  DMA_INT1_IRQHandler           
000007fd  DMA_INT2_IRQHandler           
000007fd  DMA_INT3_IRQHandler           
000007fd  DebugMon_Handler              
000007fd  Default_Handler               
000007fd  EUSCIA0_IRQHandler            
000007fd  EUSCIA1_IRQHandler            
000007fd  EUSCIA2_IRQHandler            
000007fd  EUSCIA3_IRQHandler            
000007fd  EUSCIB0_IRQHandler            
000007fd  EUSCIB1_IRQHandler            
000007fd  EUSCIB2_IRQHandler            
000007fd  EUSCIB3_IRQHandler            
000007fd  FLCTL_IRQHandler              
000007fd  FPU_IRQHandler                
000007fd  HardFault_Handler             
000007fd  MemManage_Handler             
000007fd  NMI_Handler                   
000007fd  PCM_IRQHandler                
000007fd  PORT1_IRQHandler              
000007fd  PORT2_IRQHandler              
000007fd  PORT3_IRQHandler              
000007fd  PORT4_IRQHandler              
000007fd  PORT5_IRQHandler              
000007fd  PORT6_IRQHandler              
000007fd  PSS_IRQHandler                
000007fd  PendSV_Handler                
000007fd  RTC_C_IRQHandler              
000007fd  SVC_Handler                   
000007fd  SysTick_Handler               
000007fd  T32_INT1_IRQHandler           
000007fd  T32_INT2_IRQHandler           
000007fd  T32_INTC_IRQHandler           
000007fd  TA0_N_IRQHandler              
000007fd  TA1_0_IRQHandler              
000007fd  TA1_N_IRQHandler              
000007fd  TA2_0_IRQHandler              
000007fd  TA2_N_IRQHandler              
000007fd  TA3_0_IRQHandler              
000007fd  TA3_N_IRQHandler              
000007fd  UsageFault_Handler            
000007fd  WDT_A_IRQHandler              
000007ff  _system_pre_init              
00000803  C$$EXIT                       
00000803  abort                         
00000808  __TI_Handler_Table_Base       
00000814  __TI_Handler_Table_Limit      
00000828  __TI_CINIT_Base               
00000838  __TI_CINIT_Limit              
20000000  count                         
20000004  i                             
20000008  SystemCoreClock               
2000fe00  __stack                       
20010000  __STACK_END                   
4000480c  WDTCTL_SYM                    
ffffffff  __TI_pprof_out_hndl           
ffffffff  __TI_prof_data_size           
ffffffff  __TI_prof_data_start          
ffffffff  __binit__                     
ffffffff  __c_args__                    
ffffffff  binit                         
UNDEFED   __mpu_init                    
UNDEFED   _system_post_cinit            

[91 symbols]
