******************************************************************************
                  TI ARM Linker PC v18.1.1                     
******************************************************************************
>> Linked Tue May  8 18:28:06 2018

OUTPUT FILE NAME:   <Project_2.out>
ENTRY POINT SYMBOL: "_c_int00_noargs"  address: 000016d9


MEMORY CONFIGURATION

         name            origin    length      used     unused   attr    fill
----------------------  --------  ---------  --------  --------  ----  --------
  MAIN                  00000000   00040000  000017d4  0003e82c  R  X
  INFO                  00200000   00004000  00000000  00004000  R  X
  SRAM_CODE             01000000   00010000  0000217c  0000de84  RW X
  SRAM_DATA             20000000   00010000  0000217c  0000de84  RW  


SEGMENT ALLOCATION MAP

run origin  load origin   length   init length attrs members
----------  ----------- ---------- ----------- ----- -------
00000000    00000000    000017d8   000017d8    r-x
  00000000    00000000    000000e4   000000e4    r-- .intvecs
  000000e4    000000e4    0000169e   0000169e    r-x .text
  00001782    00001782    0000001a   0000001a    r-- .const
  000017a0    000017a0    00000038   00000038    r-- .cinit
20000000    20000000    00001f7c   00000000    rw-
  20000000    20000000    00001f74   00000000    rw- .bss
  20001f74    20001f74    00000008   00000000    rw- .data
2000fe00    2000fe00    00000200   00000000    rw-
  2000fe00    2000fe00    00000200   00000000    rw- .stack


SECTION ALLOCATION MAP

 output                                  attributes/
section   page    origin      length       input sections
--------  ----  ----------  ----------   ----------------
.intvecs   0    00000000    000000e4     
                  00000000    000000e4     startup_msp432p401r_ccs.obj (.intvecs:retain)

.text      0    000000e4    0000169e     
                  000000e4    00000ccc     main.obj (.text)
                  00000db0    00000334     system_msp432p401r.obj (.text)
                  000010e4    000001b6     rtsv7M4_T_le_v4SPD16_eabi.lib : fd_add_t2.asm.obj (.text)
                  0000129a    00000136                                   : fd_div_t2.asm.obj (.text)
                  000013d0    000000fc                                   : fd_mul_t2.asm.obj (.text)
                  000014cc    0000009c                                   : memcpy_t2.asm.obj (.text)
                  00001568    0000007a                                   : memset_t2.asm.obj (.text)
                  000015e2    00000068                                   : copy_decompress_lzss.c.obj (.text:decompress:lzss:__TI_decompress_lzss)
                  0000164a    00000048                                   : fd_toi_t2.asm.obj (.text)
                  00001692    00000002     --HOLE-- [fill = 0]
                  00001694    00000044                                   : autoinit.c.obj (.text:__TI_auto_init_nobinit_nopinit:__TI_auto_init_nobinit_nopinit)
                  000016d8    00000038                                   : boot_cortex_m.c.obj (.text:_c_int00_noargs:_c_int00_noargs)
                  00001710    0000002e                                   : i_tofd_t2.asm.obj (.text)
                  0000173e    00000014                                   : strlen.c.obj (.text:strlen)
                  00001752    0000000e                                   : copy_decompress_none.c.obj (.text:decompress:none:__TI_decompress_none)
                  00001760    0000000e     startup_msp432p401r_ccs.obj (.text)
                  0000176e    0000000c     rtsv7M4_T_le_v4SPD16_eabi.lib : copy_zero_init.c.obj (.text:decompress:ZI:__TI_zero_init)
                  0000177a    00000004                                   : pre_init.c.obj (.text:_system_pre_init)
                  0000177e    00000004                                   : exit.c.obj (.text:abort:abort)

.const     0    00001782    0000001a     
                  00001782    0000000f     main.obj (.const:.string:$P$T1$2)
                  00001791    00000004     main.obj (.const:.string:$P$T0$1)
                  00001795    00000004     main.obj (.const:.string:$P$T3$4)
                  00001799    00000003     main.obj (.const:.string:$P$T2$3)

.cinit     0    000017a0    00000038     
                  000017a0    0000000d     (.cinit..data.load) [load image, compression = lzss]
                  000017ad    00000003     --HOLE-- [fill = 0]
                  000017b0    0000000c     (__TI_handler_table)
                  000017bc    00000004     --HOLE-- [fill = 0]
                  000017c0    00000008     (.cinit..bss.load) [load image, compression = zero_init]
                  000017c8    00000010     (__TI_cinit_table)

.init_array 
*          0    00000000    00000000     UNINITIALIZED

.binit     0    00000000    00000000     

.bss       0    20000000    00001f74     UNINITIALIZED
                  20000000    00001f40     main.obj (.bss:sin_array)
                  20001f40    00000024     main.obj (.bss)
                  20001f64    0000000c     main.obj (.bss:stuff)
                  20001f70    00000004     (.common:i)

.data      0    20001f74    00000008     UNINITIALIZED
                  20001f74    00000004     main.obj (.data)
                  20001f78    00000004     system_msp432p401r.obj (.data)

.stack     0    2000fe00    00000200     UNINITIALIZED
                  2000fe00    00000004     rtsv7M4_T_le_v4SPD16_eabi.lib : boot_cortex_m.c.obj (.stack)
                  2000fe04    000001fc     --HOLE--

MODULE SUMMARY

       Module                        code   ro data   rw data
       ------                        ----   -------   -------
    .\
       main.obj                      3276   26        16112  
       system_msp432p401r.obj        820    0         8      
       startup_msp432p401r_ccs.obj   14     228       0      
    +--+-----------------------------+------+---------+---------+
       Total:                        4110   254       16120  
                                                             
    C:\ti\ccsv8\tools\compiler\ti-cgt-arm_18.1.1.LTS\lib\rtsv7M4_T_le_v4SPD16_eabi.lib
       fd_add_t2.asm.obj             438    0         0      
       fd_div_t2.asm.obj             310    0         0      
       fd_mul_t2.asm.obj             252    0         0      
       memcpy_t2.asm.obj             156    0         0      
       memset_t2.asm.obj             122    0         0      
       copy_decompress_lzss.c.obj    104    0         0      
       fd_toi_t2.asm.obj             72     0         0      
       autoinit.c.obj                68     0         0      
       boot_cortex_m.c.obj           56     0         0      
       i_tofd_t2.asm.obj             46     0         0      
       strlen.c.obj                  20     0         0      
       copy_decompress_none.c.obj    14     0         0      
       copy_zero_init.c.obj          12     0         0      
       exit.c.obj                    4      0         0      
       pre_init.c.obj                4      0         0      
    +--+-----------------------------+------+---------+---------+
       Total:                        1678   0         0      
                                                             
       Stack:                        0      0         1024   
       Linker Generated:             0      49        0      
    +--+-----------------------------+------+---------+---------+
       Grand Total:                  5788   303       17144  


LINKER GENERATED COPY TABLES

__TI_cinit_table @ 000017c8 records: 2, size/record: 8, table size: 16
	.data: load addr=000017a0, load size=0000000d bytes, run addr=20001f74, run size=00000008 bytes, compression=lzss
	.bss: load addr=000017c0, load size=00000008 bytes, run addr=20000000, run size=00001f74 bytes, compression=zero_init


LINKER GENERATED HANDLER TABLE

__TI_handler_table @ 000017b0 records: 3, size/record: 4, table size: 12
	index: 0, handler: __TI_decompress_lzss
	index: 1, handler: __TI_decompress_none
	index: 2, handler: __TI_zero_init


GLOBAL SYMBOLS: SORTED ALPHABETICALLY BY Name 

address   name                          
-------   ----                          
0000176d  ADC14_IRQHandler              
0000176d  AES256_IRQHandler             
0000176d  BusFault_Handler              
0000177f  C$$EXIT                       
0000176d  COMP_E0_IRQHandler            
0000176d  COMP_E1_IRQHandler            
0000176d  CS_IRQHandler                 
0000176d  DMA_ERR_IRQHandler            
0000176d  DMA_INT0_IRQHandler           
0000176d  DMA_INT1_IRQHandler           
0000176d  DMA_INT2_IRQHandler           
0000176d  DMA_INT3_IRQHandler           
0000176d  DebugMon_Handler              
0000176d  Default_Handler               
00000589  Drive_DAC                     
0000176d  EUSCIA0_IRQHandler            
0000176d  EUSCIA1_IRQHandler            
0000176d  EUSCIA2_IRQHandler            
0000176d  EUSCIA3_IRQHandler            
0000176d  EUSCIB0_IRQHandler            
0000176d  EUSCIB1_IRQHandler            
0000176d  EUSCIB2_IRQHandler            
0000176d  EUSCIB3_IRQHandler            
0000176d  FLCTL_IRQHandler              
0000176d  FPU_IRQHandler                
0000176d  HardFault_Handler             
0000176d  MemManage_Handler             
0000176d  NMI_Handler                   
0000176d  PCM_IRQHandler                
0000176d  PORT1_IRQHandler              
0000176d  PORT2_IRQHandler              
0000176d  PORT3_IRQHandler              
0000176d  PORT4_IRQHandler              
0000176d  PORT5_IRQHandler              
0000176d  PORT6_IRQHandler              
0000176d  PSS_IRQHandler                
0000176d  PendSV_Handler                
0000176d  RTC_C_IRQHandler              
00001761  Reset_Handler                 
0000176d  SVC_Handler                   
0000176d  SysTick_Handler               
20001f78  SystemCoreClock               
00000db1  SystemCoreClockUpdate         
00001029  SystemInit                    
0000176d  T32_INT1_IRQHandler           
0000176d  T32_INT2_IRQHandler           
0000176d  T32_INTC_IRQHandler           
000007d9  TA0_0_IRQHandler              
000007d9  TA0_0_IRQHandler              
0000176d  TA0_N_IRQHandler              
0000089d  TA1_0_IRQHandler              
0000089d  TA1_0_IRQHandler              
0000176d  TA1_N_IRQHandler              
00000909  TA2_0_IRQHandler              
00000909  TA2_0_IRQHandler              
0000176d  TA2_N_IRQHandler              
0000176d  TA3_0_IRQHandler              
0000176d  TA3_N_IRQHandler              
0000176d  UsageFault_Handler            
4000480c  WDTCTL_SYM                    
0000176d  WDT_A_IRQHandler              
20010000  __STACK_END                   
00000200  __STACK_SIZE                  
000017c8  __TI_CINIT_Base               
000017d8  __TI_CINIT_Limit              
000017b0  __TI_Handler_Table_Base       
000017bc  __TI_Handler_Table_Limit      
00001695  __TI_auto_init_nobinit_nopinit
000015e3  __TI_decompress_lzss          
00001753  __TI_decompress_none          
ffffffff  __TI_pprof_out_hndl           
ffffffff  __TI_prof_data_size           
ffffffff  __TI_prof_data_start          
00000000  __TI_static_base__            
0000176f  __TI_zero_init                
0000164b  __aeabi_d2iz                  
000010ef  __aeabi_dadd                  
0000129b  __aeabi_ddiv                  
000013d1  __aeabi_dmul                  
000010e5  __aeabi_dsub                  
00001711  __aeabi_i2d                   
00001569  __aeabi_memclr                
00001569  __aeabi_memclr4               
00001569  __aeabi_memclr8               
000014cd  __aeabi_memcpy                
000014cd  __aeabi_memcpy4               
000014cd  __aeabi_memcpy8               
0000156b  __aeabi_memset                
0000156b  __aeabi_memset4               
0000156b  __aeabi_memset8               
ffffffff  __binit__                     
ffffffff  __c_args__                    
UNDEFED   __mpu_init                    
2000fe00  __stack                       
000016d9  _c_int00_noargs               
UNDEFED   _system_post_cinit            
0000177b  _system_pre_init              
0000177f  abort                         
ffffffff  binit                         
00000337  clear_LCD                     
00000539  config_SPI                    
000005ef  config_TIMER_A                
000001c7  delay_us                      
00000bb5  gen_sin                       
00000989  get_waveform_parameters       
00000355  home_LCD                      
20001f70  i                             
00000245  init_LCD                      
000003bd  init_keypad                   
00000000  interruptVectors              
000003f1  keypad_getkey                 
00000645  main                          
000014cd  memcpy                        
00001571  memset                        
00000223  nibble                        
000004f9  poll_poundkey                 
0000036d  second_line_LCD               
000000e5  set_DCO                       
00000b13  string_to_int                 
0000173f  strlen                        
000002e9  write_char_LCD                
00000385  write_string_LCD              


GLOBAL SYMBOLS: SORTED BY Symbol Address 

address   name                          
-------   ----                          
00000000  __TI_static_base__            
00000000  interruptVectors              
000000e5  set_DCO                       
000001c7  delay_us                      
00000200  __STACK_SIZE                  
00000223  nibble                        
00000245  init_LCD                      
000002e9  write_char_LCD                
00000337  clear_LCD                     
00000355  home_LCD                      
0000036d  second_line_LCD               
00000385  write_string_LCD              
000003bd  init_keypad                   
000003f1  keypad_getkey                 
000004f9  poll_poundkey                 
00000539  config_SPI                    
00000589  Drive_DAC                     
000005ef  config_TIMER_A                
00000645  main                          
000007d9  TA0_0_IRQHandler              
000007d9  TA0_0_IRQHandler              
0000089d  TA1_0_IRQHandler              
0000089d  TA1_0_IRQHandler              
00000909  TA2_0_IRQHandler              
00000909  TA2_0_IRQHandler              
00000989  get_waveform_parameters       
00000b13  string_to_int                 
00000bb5  gen_sin                       
00000db1  SystemCoreClockUpdate         
00001029  SystemInit                    
000010e5  __aeabi_dsub                  
000010ef  __aeabi_dadd                  
0000129b  __aeabi_ddiv                  
000013d1  __aeabi_dmul                  
000014cd  __aeabi_memcpy                
000014cd  __aeabi_memcpy4               
000014cd  __aeabi_memcpy8               
000014cd  memcpy                        
00001569  __aeabi_memclr                
00001569  __aeabi_memclr4               
00001569  __aeabi_memclr8               
0000156b  __aeabi_memset                
0000156b  __aeabi_memset4               
0000156b  __aeabi_memset8               
00001571  memset                        
000015e3  __TI_decompress_lzss          
0000164b  __aeabi_d2iz                  
00001695  __TI_auto_init_nobinit_nopinit
000016d9  _c_int00_noargs               
00001711  __aeabi_i2d                   
0000173f  strlen                        
00001753  __TI_decompress_none          
00001761  Reset_Handler                 
0000176d  ADC14_IRQHandler              
0000176d  AES256_IRQHandler             
0000176d  BusFault_Handler              
0000176d  COMP_E0_IRQHandler            
0000176d  COMP_E1_IRQHandler            
0000176d  CS_IRQHandler                 
0000176d  DMA_ERR_IRQHandler            
0000176d  DMA_INT0_IRQHandler           
0000176d  DMA_INT1_IRQHandler           
0000176d  DMA_INT2_IRQHandler           
0000176d  DMA_INT3_IRQHandler           
0000176d  DebugMon_Handler              
0000176d  Default_Handler               
0000176d  EUSCIA0_IRQHandler            
0000176d  EUSCIA1_IRQHandler            
0000176d  EUSCIA2_IRQHandler            
0000176d  EUSCIA3_IRQHandler            
0000176d  EUSCIB0_IRQHandler            
0000176d  EUSCIB1_IRQHandler            
0000176d  EUSCIB2_IRQHandler            
0000176d  EUSCIB3_IRQHandler            
0000176d  FLCTL_IRQHandler              
0000176d  FPU_IRQHandler                
0000176d  HardFault_Handler             
0000176d  MemManage_Handler             
0000176d  NMI_Handler                   
0000176d  PCM_IRQHandler                
0000176d  PORT1_IRQHandler              
0000176d  PORT2_IRQHandler              
0000176d  PORT3_IRQHandler              
0000176d  PORT4_IRQHandler              
0000176d  PORT5_IRQHandler              
0000176d  PORT6_IRQHandler              
0000176d  PSS_IRQHandler                
0000176d  PendSV_Handler                
0000176d  RTC_C_IRQHandler              
0000176d  SVC_Handler                   
0000176d  SysTick_Handler               
0000176d  T32_INT1_IRQHandler           
0000176d  T32_INT2_IRQHandler           
0000176d  T32_INTC_IRQHandler           
0000176d  TA0_N_IRQHandler              
0000176d  TA1_N_IRQHandler              
0000176d  TA2_N_IRQHandler              
0000176d  TA3_0_IRQHandler              
0000176d  TA3_N_IRQHandler              
0000176d  UsageFault_Handler            
0000176d  WDT_A_IRQHandler              
0000176f  __TI_zero_init                
0000177b  _system_pre_init              
0000177f  C$$EXIT                       
0000177f  abort                         
000017b0  __TI_Handler_Table_Base       
000017bc  __TI_Handler_Table_Limit      
000017c8  __TI_CINIT_Base               
000017d8  __TI_CINIT_Limit              
20001f70  i                             
20001f78  SystemCoreClock               
2000fe00  __stack                       
20010000  __STACK_END                   
4000480c  WDTCTL_SYM                    
ffffffff  __TI_pprof_out_hndl           
ffffffff  __TI_prof_data_size           
ffffffff  __TI_prof_data_start          
ffffffff  __binit__                     
ffffffff  __c_args__                    
ffffffff  binit                         
UNDEFED   __mpu_init                    
UNDEFED   _system_post_cinit            

[122 symbols]
