******************************************************************************
                  TI ARM Linker PC v18.1.1                     
******************************************************************************
>> Linked Wed Apr 18 12:58:38 2018

OUTPUT FILE NAME:   <Project_1.out>
ENTRY POINT SYMBOL: "_c_int00_noargs"  address: 00000bfd


MEMORY CONFIGURATION

         name            origin    length      used     unused   attr    fill
----------------------  --------  ---------  --------  --------  ----  --------
  MAIN                  00000000   00040000  00000cc6  0003f33a  R  X
  INFO                  00200000   00004000  00000000  00004000  R  X
  SRAM_CODE             01000000   00010000  00000208  0000fdf8  RW X
  SRAM_DATA             20000000   00010000  00000208  0000fdf8  RW  


SEGMENT ALLOCATION MAP

run origin  load origin   length   init length attrs members
----------  ----------- ---------- ----------- ----- -------
00000000    00000000    00000cc8   00000cc8    r-x
  00000000    00000000    000000e4   000000e4    r-- .intvecs
  000000e4    000000e4    00000b9a   00000b9a    r-x .text
  00000c7e    00000c7e    00000018   00000018    r-- .const
  00000c98    00000c98    00000030   00000030    r-- .cinit
20000000    20000000    00000008   00000000    rw-
  20000000    20000000    00000004   00000000    rw- .bss
  20000004    20000004    00000004   00000000    rw- .data
2000fe00    2000fe00    00000200   00000000    rw-
  2000fe00    2000fe00    00000200   00000000    rw- .stack


SECTION ALLOCATION MAP

 output                                  attributes/
section   page    origin      length       input sections
--------  ----  ----------  ----------   ----------------
.intvecs   0    00000000    000000e4     
                  00000000    000000e4     startup_msp432p401r_ccs.obj (.intvecs:retain)

.text      0    000000e4    00000b9a     
                  000000e4    0000069c     main.obj (.text)
                  00000780    00000334     system_msp432p401r.obj (.text)
                  00000ab4    0000009c     rtsv7M4_T_le_v4SPD16_eabi.lib : memcpy_t2.asm.obj (.text)
                  00000b50    00000068                                   : copy_decompress_lzss.c.obj (.text:decompress:lzss:__TI_decompress_lzss)
                  00000bb8    00000044                                   : autoinit.c.obj (.text:__TI_auto_init_nobinit_nopinit:__TI_auto_init_nobinit_nopinit)
                  00000bfc    00000038                                   : boot_cortex_m.c.obj (.text:_c_int00_noargs:_c_int00_noargs)
                  00000c34    00000014                                   : strlen.c.obj (.text:strlen)
                  00000c48    00000012                                   : copy_zero_init.c.obj (.text:decompress:ZI:__TI_zero_init_nomemset:__TI_zero_init_nomemset)
                  00000c5a    0000000e                                   : copy_decompress_none.c.obj (.text:decompress:none:__TI_decompress_none)
                  00000c68    0000000e     startup_msp432p401r_ccs.obj (.text)
                  00000c76    00000004     rtsv7M4_T_le_v4SPD16_eabi.lib : pre_init.c.obj (.text:_system_pre_init)
                  00000c7a    00000004                                   : exit.c.obj (.text:abort:abort)

.const     0    00000c7e    00000018     
                  00000c7e    0000000f     main.obj (.const:.string:$P$T1$2)
                  00000c8d    00000005     main.obj (.const:.string:$P$T2$3)
                  00000c92    00000004     main.obj (.const:.string:$P$T0$1)

.cinit     0    00000c98    00000030     
                  00000c98    0000000c     (__TI_handler_table)
                  00000ca4    00000004     --HOLE-- [fill = 0]
                  00000ca8    00000008     (.cinit..bss.load) [load image, compression = zero_init]
                  00000cb0    00000008     (.cinit..data.load) [load image, compression = lzss]
                  00000cb8    00000010     (__TI_cinit_table)

.init_array 
*          0    00000000    00000000     UNINITIALIZED

.binit     0    00000000    00000000     

.bss       0    20000000    00000004     UNINITIALIZED
                  20000000    00000004     (.common:i)

.data      0    20000004    00000004     UNINITIALIZED
                  20000004    00000004     system_msp432p401r.obj (.data)

.stack     0    2000fe00    00000200     UNINITIALIZED
                  2000fe00    00000004     rtsv7M4_T_le_v4SPD16_eabi.lib : boot_cortex_m.c.obj (.stack)
                  2000fe04    000001fc     --HOLE--

MODULE SUMMARY

       Module                        code   ro data   rw data
       ------                        ----   -------   -------
    .\
       main.obj                      1692   24        8      
       system_msp432p401r.obj        820    0         8      
       startup_msp432p401r_ccs.obj   14     228       0      
    +--+-----------------------------+------+---------+---------+
       Total:                        2526   252       16     
                                                             
    C:\ti\ccsv8\tools\compiler\ti-cgt-arm_18.1.1.LTS\lib\rtsv7M4_T_le_v4SPD16_eabi.lib
       memcpy_t2.asm.obj             156    0         0      
       copy_decompress_lzss.c.obj    104    0         0      
       autoinit.c.obj                68     0         0      
       boot_cortex_m.c.obj           56     0         0      
       strlen.c.obj                  20     0         0      
       copy_zero_init.c.obj          18     0         0      
       copy_decompress_none.c.obj    14     0         0      
       exit.c.obj                    4      0         0      
       pre_init.c.obj                4      0         0      
    +--+-----------------------------+------+---------+---------+
       Total:                        444    0         0      
                                                             
       Stack:                        0      0         1024   
       Linker Generated:             0      44        0      
    +--+-----------------------------+------+---------+---------+
       Grand Total:                  2970   296       1040   


LINKER GENERATED COPY TABLES

__TI_cinit_table @ 00000cb8 records: 2, size/record: 8, table size: 16
	.bss: load addr=00000ca8, load size=00000008 bytes, run addr=20000000, run size=00000004 bytes, compression=zero_init
	.data: load addr=00000cb0, load size=00000008 bytes, run addr=20000004, run size=00000004 bytes, compression=lzss


LINKER GENERATED HANDLER TABLE

__TI_handler_table @ 00000c98 records: 3, size/record: 4, table size: 12
	index: 0, handler: __TI_decompress_lzss
	index: 1, handler: __TI_decompress_none
	index: 2, handler: __TI_zero_init


GLOBAL SYMBOLS: SORTED ALPHABETICALLY BY Name 

address   name                          
-------   ----                          
00000c75  ADC14_IRQHandler              
00000c75  AES256_IRQHandler             
00000c75  BusFault_Handler              
00000c7b  C$$EXIT                       
00000c75  COMP_E0_IRQHandler            
00000c75  COMP_E1_IRQHandler            
00000c75  CS_IRQHandler                 
00000c75  DMA_ERR_IRQHandler            
00000c75  DMA_INT0_IRQHandler           
00000c75  DMA_INT1_IRQHandler           
00000c75  DMA_INT2_IRQHandler           
00000c75  DMA_INT3_IRQHandler           
00000c75  DebugMon_Handler              
00000c75  Default_Handler               
00000c75  EUSCIA0_IRQHandler            
00000c75  EUSCIA1_IRQHandler            
00000c75  EUSCIA2_IRQHandler            
00000c75  EUSCIA3_IRQHandler            
00000c75  EUSCIB0_IRQHandler            
00000c75  EUSCIB1_IRQHandler            
00000c75  EUSCIB2_IRQHandler            
00000c75  EUSCIB3_IRQHandler            
00000c75  FLCTL_IRQHandler              
00000c75  FPU_IRQHandler                
00000c75  HardFault_Handler             
00000c75  MemManage_Handler             
00000c75  NMI_Handler                   
00000c75  PCM_IRQHandler                
00000c75  PORT1_IRQHandler              
00000c75  PORT2_IRQHandler              
00000c75  PORT3_IRQHandler              
00000c75  PORT4_IRQHandler              
00000c75  PORT5_IRQHandler              
00000c75  PORT6_IRQHandler              
00000c75  PSS_IRQHandler                
00000c75  PendSV_Handler                
00000c75  RTC_C_IRQHandler              
00000c69  Reset_Handler                 
00000c75  SVC_Handler                   
00000c75  SysTick_Handler               
20000004  SystemCoreClock               
00000781  SystemCoreClockUpdate         
000009f9  SystemInit                    
00000c75  T32_INT1_IRQHandler           
00000c75  T32_INT2_IRQHandler           
00000c75  T32_INTC_IRQHandler           
00000c75  TA0_0_IRQHandler              
00000c75  TA0_N_IRQHandler              
00000c75  TA1_0_IRQHandler              
00000c75  TA1_N_IRQHandler              
00000c75  TA2_0_IRQHandler              
00000c75  TA2_N_IRQHandler              
00000c75  TA3_0_IRQHandler              
00000c75  TA3_N_IRQHandler              
00000c75  UsageFault_Handler            
4000480c  WDTCTL_SYM                    
00000c75  WDT_A_IRQHandler              
20010000  __STACK_END                   
00000200  __STACK_SIZE                  
00000cb8  __TI_CINIT_Base               
00000cc8  __TI_CINIT_Limit              
00000c98  __TI_Handler_Table_Base       
00000ca4  __TI_Handler_Table_Limit      
00000bb9  __TI_auto_init_nobinit_nopinit
00000b51  __TI_decompress_lzss          
00000c5b  __TI_decompress_none          
ffffffff  __TI_pprof_out_hndl           
ffffffff  __TI_prof_data_size           
ffffffff  __TI_prof_data_start          
00000000  __TI_static_base__            
00000c49  __TI_zero_init_nomemset       
00000ab5  __aeabi_memcpy                
00000ab5  __aeabi_memcpy4               
00000ab5  __aeabi_memcpy8               
ffffffff  __binit__                     
ffffffff  __c_args__                    
UNDEFED   __mpu_init                    
2000fe00  __stack                       
00000bfd  _c_int00_noargs               
UNDEFED   _system_post_cinit            
00000c77  _system_pre_init              
00000c7b  abort                         
ffffffff  binit                         
00000255  clear_LCD                     
00000669  compare_string                
000000e5  delay_us                      
00000273  home_LCD                      
20000000  i                             
000006d9  init                          
00000163  init_LCD                      
00000421  init_keypad                   
00000000  interruptVectors              
0000043d  keypad_getkey                 
00000555  main                          
00000ab5  memcpy                        
00000141  nibble                        
0000033f  set_DCO                       
00000c35  strlen                        
00000207  write_char_LCD                
0000028b  write_string_LCD              


GLOBAL SYMBOLS: SORTED BY Symbol Address 

address   name                          
-------   ----                          
00000000  __TI_static_base__            
00000000  interruptVectors              
000000e5  delay_us                      
00000141  nibble                        
00000163  init_LCD                      
00000200  __STACK_SIZE                  
00000207  write_char_LCD                
00000255  clear_LCD                     
00000273  home_LCD                      
0000028b  write_string_LCD              
0000033f  set_DCO                       
00000421  init_keypad                   
0000043d  keypad_getkey                 
00000555  main                          
00000669  compare_string                
000006d9  init                          
00000781  SystemCoreClockUpdate         
000009f9  SystemInit                    
00000ab5  __aeabi_memcpy                
00000ab5  __aeabi_memcpy4               
00000ab5  __aeabi_memcpy8               
00000ab5  memcpy                        
00000b51  __TI_decompress_lzss          
00000bb9  __TI_auto_init_nobinit_nopinit
00000bfd  _c_int00_noargs               
00000c35  strlen                        
00000c49  __TI_zero_init_nomemset       
00000c5b  __TI_decompress_none          
00000c69  Reset_Handler                 
00000c75  ADC14_IRQHandler              
00000c75  AES256_IRQHandler             
00000c75  BusFault_Handler              
00000c75  COMP_E0_IRQHandler            
00000c75  COMP_E1_IRQHandler            
00000c75  CS_IRQHandler                 
00000c75  DMA_ERR_IRQHandler            
00000c75  DMA_INT0_IRQHandler           
00000c75  DMA_INT1_IRQHandler           
00000c75  DMA_INT2_IRQHandler           
00000c75  DMA_INT3_IRQHandler           
00000c75  DebugMon_Handler              
00000c75  Default_Handler               
00000c75  EUSCIA0_IRQHandler            
00000c75  EUSCIA1_IRQHandler            
00000c75  EUSCIA2_IRQHandler            
00000c75  EUSCIA3_IRQHandler            
00000c75  EUSCIB0_IRQHandler            
00000c75  EUSCIB1_IRQHandler            
00000c75  EUSCIB2_IRQHandler            
00000c75  EUSCIB3_IRQHandler            
00000c75  FLCTL_IRQHandler              
00000c75  FPU_IRQHandler                
00000c75  HardFault_Handler             
00000c75  MemManage_Handler             
00000c75  NMI_Handler                   
00000c75  PCM_IRQHandler                
00000c75  PORT1_IRQHandler              
00000c75  PORT2_IRQHandler              
00000c75  PORT3_IRQHandler              
00000c75  PORT4_IRQHandler              
00000c75  PORT5_IRQHandler              
00000c75  PORT6_IRQHandler              
00000c75  PSS_IRQHandler                
00000c75  PendSV_Handler                
00000c75  RTC_C_IRQHandler              
00000c75  SVC_Handler                   
00000c75  SysTick_Handler               
00000c75  T32_INT1_IRQHandler           
00000c75  T32_INT2_IRQHandler           
00000c75  T32_INTC_IRQHandler           
00000c75  TA0_0_IRQHandler              
00000c75  TA0_N_IRQHandler              
00000c75  TA1_0_IRQHandler              
00000c75  TA1_N_IRQHandler              
00000c75  TA2_0_IRQHandler              
00000c75  TA2_N_IRQHandler              
00000c75  TA3_0_IRQHandler              
00000c75  TA3_N_IRQHandler              
00000c75  UsageFault_Handler            
00000c75  WDT_A_IRQHandler              
00000c77  _system_pre_init              
00000c7b  C$$EXIT                       
00000c7b  abort                         
00000c98  __TI_Handler_Table_Base       
00000ca4  __TI_Handler_Table_Limit      
00000cb8  __TI_CINIT_Base               
00000cc8  __TI_CINIT_Limit              
20000000  i                             
20000004  SystemCoreClock               
2000fe00  __stack                       
20010000  __STACK_END                   
4000480c  WDTCTL_SYM                    
ffffffff  __TI_pprof_out_hndl           
ffffffff  __TI_prof_data_size           
ffffffff  __TI_prof_data_start          
ffffffff  __binit__                     
ffffffff  __c_args__                    
ffffffff  binit                         
UNDEFED   __mpu_init                    
UNDEFED   _system_post_cinit            

[100 symbols]
