******************************************************************************
                  TI ARM Linker PC v18.1.1                     
******************************************************************************
>> Linked Mon Apr  9 20:49:48 2018

OUTPUT FILE NAME:   <A2_blinking_LED.out>
ENTRY POINT SYMBOL: "_c_int00_noargs"  address: 0000078d


MEMORY CONFIGURATION

         name            origin    length      used     unused   attr    fill
----------------------  --------  ---------  --------  --------  ----  --------
  MAIN                  00000000   00040000  0000082a  0003f7d6  R  X
  INFO                  00200000   00004000  00000000  00004000  R  X
  SRAM_CODE             01000000   00010000  00000208  0000fdf8  RW X
  SRAM_DATA             20000000   00010000  00000208  0000fdf8  RW  


SEGMENT ALLOCATION MAP

run origin  load origin   length   init length attrs members
----------  ----------- ---------- ----------- ----- -------
00000000    00000000    00000830   00000830    r-x
  00000000    00000000    000000e4   000000e4    r-- .intvecs
  000000e4    000000e4    00000716   00000716    r-x .text
  00000800    00000800    00000030   00000030    r-- .cinit
20000000    20000000    00000008   00000000    rw-
  20000000    20000000    00000004   00000000    rw- .bss
  20000004    20000004    00000004   00000000    rw- .data
2000fe00    2000fe00    00000200   00000000    rw-
  2000fe00    2000fe00    00000200   00000000    rw- .stack


SECTION ALLOCATION MAP

 output                                  attributes/
section   page    origin      length       input sections
--------  ----  ----------  ----------   ----------------
.intvecs   0    00000000    000000e4     
                  00000000    000000e4     startup_msp432p401r_ccs.obj (.intvecs:retain)

.text      0    000000e4    00000716     
                  000000e4    00000334     system_msp432p401r.obj (.text)
                  00000418    0000022c     main.obj (.text)
                  00000644    0000009c     rtsv7M4_T_le_v4SPD16_eabi.lib : memcpy_t2.asm.obj (.text)
                  000006e0    00000068                                   : copy_decompress_lzss.c.obj (.text:decompress:lzss:__TI_decompress_lzss)
                  00000748    00000044                                   : autoinit.c.obj (.text:__TI_auto_init_nobinit_nopinit:__TI_auto_init_nobinit_nopinit)
                  0000078c    00000038                                   : boot_cortex_m.c.obj (.text:_c_int00_noargs:_c_int00_noargs)
                  000007c4    00000012                                   : copy_zero_init.c.obj (.text:decompress:ZI:__TI_zero_init_nomemset:__TI_zero_init_nomemset)
                  000007d6    0000000e                                   : copy_decompress_none.c.obj (.text:decompress:none:__TI_decompress_none)
                  000007e4    0000000e     startup_msp432p401r_ccs.obj (.text)
                  000007f2    00000004     rtsv7M4_T_le_v4SPD16_eabi.lib : pre_init.c.obj (.text:_system_pre_init)
                  000007f6    00000004                                   : exit.c.obj (.text:abort:abort)

.cinit     0    00000800    00000030     
                  00000800    0000000c     (__TI_handler_table)
                  0000080c    00000004     --HOLE-- [fill = 0]
                  00000810    00000008     (.cinit..bss.load) [load image, compression = zero_init]
                  00000818    00000008     (.cinit..data.load) [load image, compression = lzss]
                  00000820    00000010     (__TI_cinit_table)

.init_array 
*          0    00000000    00000000     UNINITIALIZED

.binit     0    00000000    00000000     

.bss       0    20000000    00000004     UNINITIALIZED
                  20000000    00000004     (.common:i)

.data      0    20000004    00000004     UNINITIALIZED
                  20000004    00000004     system_msp432p401r.obj (.data)

.stack     0    2000fe00    00000200     UNINITIALIZED
                  2000fe00    00000004     rtsv7M4_T_le_v4SPD16_eabi.lib : boot_cortex_m.c.obj (.stack)
                  2000fe04    000001fc     --HOLE--

MODULE SUMMARY

       Module                        code   ro data   rw data
       ------                        ----   -------   -------
    .\
       system_msp432p401r.obj        820    0         8      
       main.obj                      556    0         8      
       startup_msp432p401r_ccs.obj   14     228       0      
    +--+-----------------------------+------+---------+---------+
       Total:                        1390   228       16     
                                                             
    C:\ti\ccsv8\tools\compiler\ti-cgt-arm_18.1.1.LTS\lib\rtsv7M4_T_le_v4SPD16_eabi.lib
       memcpy_t2.asm.obj             156    0         0      
       copy_decompress_lzss.c.obj    104    0         0      
       autoinit.c.obj                68     0         0      
       boot_cortex_m.c.obj           56     0         0      
       copy_zero_init.c.obj          18     0         0      
       copy_decompress_none.c.obj    14     0         0      
       exit.c.obj                    4      0         0      
       pre_init.c.obj                4      0         0      
    +--+-----------------------------+------+---------+---------+
       Total:                        424    0         0      
                                                             
       Stack:                        0      0         1024   
       Linker Generated:             0      44        0      
    +--+-----------------------------+------+---------+---------+
       Grand Total:                  1814   272       1040   


LINKER GENERATED COPY TABLES

__TI_cinit_table @ 00000820 records: 2, size/record: 8, table size: 16
	.bss: load addr=00000810, load size=00000008 bytes, run addr=20000000, run size=00000004 bytes, compression=zero_init
	.data: load addr=00000818, load size=00000008 bytes, run addr=20000004, run size=00000004 bytes, compression=lzss


LINKER GENERATED HANDLER TABLE

__TI_handler_table @ 00000800 records: 3, size/record: 4, table size: 12
	index: 0, handler: __TI_decompress_lzss
	index: 1, handler: __TI_decompress_none
	index: 2, handler: __TI_zero_init


GLOBAL SYMBOLS: SORTED ALPHABETICALLY BY Name 

address   name                          
-------   ----                          
000007f1  ADC14_IRQHandler              
000007f1  AES256_IRQHandler             
000007f1  BusFault_Handler              
000007f7  C$$EXIT                       
000007f1  COMP_E0_IRQHandler            
000007f1  COMP_E1_IRQHandler            
000007f1  CS_IRQHandler                 
000007f1  DMA_ERR_IRQHandler            
000007f1  DMA_INT0_IRQHandler           
000007f1  DMA_INT1_IRQHandler           
000007f1  DMA_INT2_IRQHandler           
000007f1  DMA_INT3_IRQHandler           
000007f1  DebugMon_Handler              
000007f1  Default_Handler               
000007f1  EUSCIA0_IRQHandler            
000007f1  EUSCIA1_IRQHandler            
000007f1  EUSCIA2_IRQHandler            
000007f1  EUSCIA3_IRQHandler            
000007f1  EUSCIB0_IRQHandler            
000007f1  EUSCIB1_IRQHandler            
000007f1  EUSCIB2_IRQHandler            
000007f1  EUSCIB3_IRQHandler            
000007f1  FLCTL_IRQHandler              
000007f1  FPU_IRQHandler                
000007f1  HardFault_Handler             
000007f1  MemManage_Handler             
000007f1  NMI_Handler                   
000007f1  PCM_IRQHandler                
000007f1  PORT1_IRQHandler              
000007f1  PORT2_IRQHandler              
000007f1  PORT3_IRQHandler              
000007f1  PORT4_IRQHandler              
000007f1  PORT5_IRQHandler              
000007f1  PORT6_IRQHandler              
000007f1  PSS_IRQHandler                
000007f1  PendSV_Handler                
000007f1  RTC_C_IRQHandler              
000007e5  Reset_Handler                 
000007f1  SVC_Handler                   
000007f1  SysTick_Handler               
20000004  SystemCoreClock               
000000e5  SystemCoreClockUpdate         
0000035d  SystemInit                    
000007f1  T32_INT1_IRQHandler           
000007f1  T32_INT2_IRQHandler           
000007f1  T32_INTC_IRQHandler           
000007f1  TA0_0_IRQHandler              
000007f1  TA0_N_IRQHandler              
000007f1  TA1_0_IRQHandler              
000007f1  TA1_N_IRQHandler              
000007f1  TA2_0_IRQHandler              
000007f1  TA2_N_IRQHandler              
000007f1  TA3_0_IRQHandler              
000007f1  TA3_N_IRQHandler              
000007f1  UsageFault_Handler            
4000480c  WDTCTL_SYM                    
000007f1  WDT_A_IRQHandler              
20010000  __STACK_END                   
00000200  __STACK_SIZE                  
00000820  __TI_CINIT_Base               
00000830  __TI_CINIT_Limit              
00000800  __TI_Handler_Table_Base       
0000080c  __TI_Handler_Table_Limit      
00000749  __TI_auto_init_nobinit_nopinit
000006e1  __TI_decompress_lzss          
000007d7  __TI_decompress_none          
ffffffff  __TI_pprof_out_hndl           
ffffffff  __TI_prof_data_size           
ffffffff  __TI_prof_data_start          
00000000  __TI_static_base__            
000007c5  __TI_zero_init_nomemset       
00000645  __aeabi_memcpy                
00000645  __aeabi_memcpy4               
00000645  __aeabi_memcpy8               
ffffffff  __binit__                     
ffffffff  __c_args__                    
UNDEFED   __mpu_init                    
2000fe00  __stack                       
0000078d  _c_int00_noargs               
UNDEFED   _system_post_cinit            
000007f3  _system_pre_init              
000007f7  abort                         
ffffffff  binit                         
00000469  delay_ms                      
000004cf  delay_us                      
20000000  i                             
00000000  interruptVectors              
00000419  main                          
00000645  memcpy                        
0000052b  set_DCO                       


GLOBAL SYMBOLS: SORTED BY Symbol Address 

address   name                          
-------   ----                          
00000000  __TI_static_base__            
00000000  interruptVectors              
000000e5  SystemCoreClockUpdate         
00000200  __STACK_SIZE                  
0000035d  SystemInit                    
00000419  main                          
00000469  delay_ms                      
000004cf  delay_us                      
0000052b  set_DCO                       
00000645  __aeabi_memcpy                
00000645  __aeabi_memcpy4               
00000645  __aeabi_memcpy8               
00000645  memcpy                        
000006e1  __TI_decompress_lzss          
00000749  __TI_auto_init_nobinit_nopinit
0000078d  _c_int00_noargs               
000007c5  __TI_zero_init_nomemset       
000007d7  __TI_decompress_none          
000007e5  Reset_Handler                 
000007f1  ADC14_IRQHandler              
000007f1  AES256_IRQHandler             
000007f1  BusFault_Handler              
000007f1  COMP_E0_IRQHandler            
000007f1  COMP_E1_IRQHandler            
000007f1  CS_IRQHandler                 
000007f1  DMA_ERR_IRQHandler            
000007f1  DMA_INT0_IRQHandler           
000007f1  DMA_INT1_IRQHandler           
000007f1  DMA_INT2_IRQHandler           
000007f1  DMA_INT3_IRQHandler           
000007f1  DebugMon_Handler              
000007f1  Default_Handler               
000007f1  EUSCIA0_IRQHandler            
000007f1  EUSCIA1_IRQHandler            
000007f1  EUSCIA2_IRQHandler            
000007f1  EUSCIA3_IRQHandler            
000007f1  EUSCIB0_IRQHandler            
000007f1  EUSCIB1_IRQHandler            
000007f1  EUSCIB2_IRQHandler            
000007f1  EUSCIB3_IRQHandler            
000007f1  FLCTL_IRQHandler              
000007f1  FPU_IRQHandler                
000007f1  HardFault_Handler             
000007f1  MemManage_Handler             
000007f1  NMI_Handler                   
000007f1  PCM_IRQHandler                
000007f1  PORT1_IRQHandler              
000007f1  PORT2_IRQHandler              
000007f1  PORT3_IRQHandler              
000007f1  PORT4_IRQHandler              
000007f1  PORT5_IRQHandler              
000007f1  PORT6_IRQHandler              
000007f1  PSS_IRQHandler                
000007f1  PendSV_Handler                
000007f1  RTC_C_IRQHandler              
000007f1  SVC_Handler                   
000007f1  SysTick_Handler               
000007f1  T32_INT1_IRQHandler           
000007f1  T32_INT2_IRQHandler           
000007f1  T32_INTC_IRQHandler           
000007f1  TA0_0_IRQHandler              
000007f1  TA0_N_IRQHandler              
000007f1  TA1_0_IRQHandler              
000007f1  TA1_N_IRQHandler              
000007f1  TA2_0_IRQHandler              
000007f1  TA2_N_IRQHandler              
000007f1  TA3_0_IRQHandler              
000007f1  TA3_N_IRQHandler              
000007f1  UsageFault_Handler            
000007f1  WDT_A_IRQHandler              
000007f3  _system_pre_init              
000007f7  C$$EXIT                       
000007f7  abort                         
00000800  __TI_Handler_Table_Base       
0000080c  __TI_Handler_Table_Limit      
00000820  __TI_CINIT_Base               
00000830  __TI_CINIT_Limit              
20000000  i                             
20000004  SystemCoreClock               
2000fe00  __stack                       
20010000  __STACK_END                   
4000480c  WDTCTL_SYM                    
ffffffff  __TI_pprof_out_hndl           
ffffffff  __TI_prof_data_size           
ffffffff  __TI_prof_data_start          
ffffffff  __binit__                     
ffffffff  __c_args__                    
ffffffff  binit                         
UNDEFED   __mpu_init                    
UNDEFED   _system_post_cinit            

[90 symbols]
