******************************************************************************
                  TI ARM Linker PC v18.1.1                     
******************************************************************************
>> Linked Fri May 18 10:42:53 2018

OUTPUT FILE NAME:   <Project_2_Final.out>
ENTRY POINT SYMBOL: "_c_int00_noargs"  address: 000020a1


MEMORY CONFIGURATION

         name            origin    length      used     unused   attr    fill
----------------------  --------  ---------  --------  --------  ----  --------
  MAIN                  00000000   00040000  00002450  0003dbb0  R  X
  INFO                  00200000   00004000  00000000  00004000  R  X
  SRAM_CODE             01000000   00010000  0000055c  0000faa4  RW X
  SRAM_DATA             20000000   00010000  0000055c  0000faa4  RW  


SEGMENT ALLOCATION MAP

run origin  load origin   length   init length attrs members
----------  ----------- ---------- ----------- ----- -------
00000000    00000000    00002458   00002458    r-x
  00000000    00000000    000000e4   000000e4    r-- .intvecs
  000000e4    000000e4    00002088   00002088    r-x .text
  00002170    00002170    0000005c   0000005c    r-- .const
  000021d0    000021d0    00000288   00000288    r-- .cinit
20000000    20000000    0000035c   00000000    rw-
  20000000    20000000    0000032c   00000000    rw- .data
  2000032c    2000032c    00000030   00000000    rw- .bss
2000fe00    2000fe00    00000200   00000000    rw-
  2000fe00    2000fe00    00000200   00000000    rw- .stack


SECTION ALLOCATION MAP

 output                                  attributes/
section   page    origin      length       input sections
--------  ----  ----------  ----------   ----------------
.intvecs   0    00000000    000000e4     
                  00000000    000000e4     startup_msp432p401r_ccs.obj (.intvecs:retain)

.text      0    000000e4    00002088     
                  000000e4    000009d8     main.obj (.text)
                  00000abc    000009c0     rtsv7M4_T_le_v4SPD16_eabi.lib : e_pow.c.obj (.text:pow)
                  0000147c    00000334     system_msp432p401r.obj (.text)
                  000017b0    000001b6     rtsv7M4_T_le_v4SPD16_eabi.lib : fd_add_t2.asm.obj (.text)
                  00001966    00000002     --HOLE-- [fill = 0]
                  00001968    00000158                                   : e_sqrt.c.obj (.text:sqrt)
                  00001ac0    00000136                                   : fd_div_t2.asm.obj (.text)
                  00001bf6    00000002     --HOLE-- [fill = 0]
                  00001bf8    00000110                                   : s_scalbn.c.obj (.text:scalbn)
                  00001d08    000000fc                                   : fd_mul_t2.asm.obj (.text)
                  00001e04    0000009c                                   : memcpy_t2.asm.obj (.text)
                  00001ea0    00000086                                   : fd_cmp_t2.asm.obj (.text:__aeabi_cdcmple)
                  00001f26    00000086                                   : fd_cmp_t2.asm.obj (.text:__aeabi_cdrcmple)
                  00001fac    00000068                                   : copy_decompress_lzss.c.obj (.text:decompress:lzss:__TI_decompress_lzss)
                  00002014    00000048                                   : fd_toi_t2.asm.obj (.text)
                  0000205c    00000044                                   : autoinit.c.obj (.text:__TI_auto_init_nobinit_nopinit:__TI_auto_init_nobinit_nopinit)
                  000020a0    00000038                                   : boot_cortex_m.c.obj (.text:_c_int00_noargs:_c_int00_noargs)
                  000020d8    0000002e                                   : i_tofd_t2.asm.obj (.text)
                  00002106    00000014                                   : s_copysign.c.obj (.text:copysign)
                  0000211a    00000014                                   : strlen.c.obj (.text:strlen)
                  0000212e    00000012                                   : copy_zero_init.c.obj (.text:decompress:ZI:__TI_zero_init_nomemset:__TI_zero_init_nomemset)
                  00002140    0000000e                                   : copy_decompress_none.c.obj (.text:decompress:none:__TI_decompress_none)
                  0000214e    0000000e     startup_msp432p401r_ccs.obj (.text)
                  0000215c    00000008     rtsv7M4_T_le_v4SPD16_eabi.lib : errno.c.obj (.text:__aeabi_errno_addr)
                  00002164    00000004                                   : pre_init.c.obj (.text:_system_pre_init)
                  00002168    00000004                                   : exit.c.obj (.text:abort:abort)

.const     0    00002170    0000005c     
                  00002170    00000030     rtsv7M4_T_le_v4SPD16_eabi.lib : e_pow.c.obj (.const:$O1$$)
                  000021a0    0000000f     main.obj (.const:.string:$P$T1$2)
                  000021af    00000001     --HOLE-- [fill = 0]
                  000021b0    0000000c     main.obj (.const:$P$T2$3)
                  000021bc    0000000c     main.obj (.const:$P$T3$4)
                  000021c8    00000004     main.obj (.const:.string:$P$T0$1)

.cinit     0    000021d0    00000288     
                  000021d0    0000025e     (.cinit..data.load) [load image, compression = lzss]
                  0000242e    00000002     --HOLE-- [fill = 0]
                  00002430    0000000c     (__TI_handler_table)
                  0000243c    00000004     --HOLE-- [fill = 0]
                  00002440    00000008     (.cinit..bss.load) [load image, compression = zero_init]
                  00002448    00000010     (__TI_cinit_table)

.init_array 
*          0    00000000    00000000     UNINITIALIZED

.binit     0    00000000    00000000     

.data      0    20000000    0000032c     UNINITIALIZED
                  20000000    00000194     main.obj (.data:saw_array)
                  20000194    00000190     main.obj (.data:sin_array)
                  20000324    00000004     rtsv7M4_T_le_v4SPD16_eabi.lib : errno.c.obj (.data)
                  20000328    00000004     system_msp432p401r.obj (.data)

.bss       0    2000032c    00000030     UNINITIALIZED
                  2000032c    00000020     main.obj (.bss)
                  2000034c    0000000c     main.obj (.bss:data)
                  20000358    00000004     (.common:i)

.stack     0    2000fe00    00000200     UNINITIALIZED
                  2000fe00    00000004     rtsv7M4_T_le_v4SPD16_eabi.lib : boot_cortex_m.c.obj (.stack)
                  2000fe04    000001fc     --HOLE--

MODULE SUMMARY

       Module                        code   ro data   rw data
       ------                        ----   -------   -------
    .\
       main.obj                      2520   43        1704   
       system_msp432p401r.obj        820    0         8      
       startup_msp432p401r_ccs.obj   14     228       0      
    +--+-----------------------------+------+---------+---------+
       Total:                        3354   271       1712   
                                                             
    C:\ti\ccsv8\tools\compiler\ti-cgt-arm_18.1.1.LTS\lib\rtsv7M4_T_le_v4SPD16_eabi.lib
       e_pow.c.obj                   2496   48        0      
       fd_add_t2.asm.obj             438    0         0      
       e_sqrt.c.obj                  344    0         0      
       fd_div_t2.asm.obj             310    0         0      
       s_scalbn.c.obj                272    0         0      
       fd_cmp_t2.asm.obj             268    0         0      
       fd_mul_t2.asm.obj             252    0         0      
       memcpy_t2.asm.obj             156    0         0      
       copy_decompress_lzss.c.obj    104    0         0      
       fd_toi_t2.asm.obj             72     0         0      
       autoinit.c.obj                68     0         0      
       boot_cortex_m.c.obj           56     0         0      
       i_tofd_t2.asm.obj             46     0         0      
       s_copysign.c.obj              20     0         0      
       strlen.c.obj                  20     0         0      
       copy_zero_init.c.obj          18     0         0      
       errno.c.obj                   8      0         8      
       copy_decompress_none.c.obj    14     0         0      
       exit.c.obj                    4      0         0      
       pre_init.c.obj                4      0         0      
    +--+-----------------------------+------+---------+---------+
       Total:                        4970   48        8      
                                                             
       Stack:                        0      0         1024   
       Linker Generated:             0      642       0      
    +--+-----------------------------+------+---------+---------+
       Grand Total:                  8324   961       2744   


LINKER GENERATED COPY TABLES

__TI_cinit_table @ 00002448 records: 2, size/record: 8, table size: 16
	.data: load addr=000021d0, load size=0000025e bytes, run addr=20000000, run size=0000032c bytes, compression=lzss
	.bss: load addr=00002440, load size=00000008 bytes, run addr=2000032c, run size=00000030 bytes, compression=zero_init


LINKER GENERATED HANDLER TABLE

__TI_handler_table @ 00002430 records: 3, size/record: 4, table size: 12
	index: 0, handler: __TI_decompress_lzss
	index: 1, handler: __TI_decompress_none
	index: 2, handler: __TI_zero_init


GLOBAL SYMBOLS: SORTED ALPHABETICALLY BY Name 

address   name                          
-------   ----                          
0000215b  ADC14_IRQHandler              
0000215b  AES256_IRQHandler             
0000215b  BusFault_Handler              
00002169  C$$EXIT                       
0000215b  COMP_E0_IRQHandler            
0000215b  COMP_E1_IRQHandler            
0000215b  CS_IRQHandler                 
0000215b  DMA_ERR_IRQHandler            
0000215b  DMA_INT0_IRQHandler           
0000215b  DMA_INT1_IRQHandler           
0000215b  DMA_INT2_IRQHandler           
0000215b  DMA_INT3_IRQHandler           
0000215b  DebugMon_Handler              
0000215b  Default_Handler               
0000058d  Drive_DAC                     
0000215b  EUSCIA0_IRQHandler            
0000215b  EUSCIA1_IRQHandler            
0000215b  EUSCIA2_IRQHandler            
0000215b  EUSCIA3_IRQHandler            
0000215b  EUSCIB0_IRQHandler            
0000215b  EUSCIB1_IRQHandler            
0000215b  EUSCIB2_IRQHandler            
0000215b  EUSCIB3_IRQHandler            
0000215b  FLCTL_IRQHandler              
0000215b  FPU_IRQHandler                
0000215b  HardFault_Handler             
0000215b  MemManage_Handler             
0000215b  NMI_Handler                   
0000215b  PCM_IRQHandler                
0000215b  PORT1_IRQHandler              
0000215b  PORT2_IRQHandler              
0000215b  PORT3_IRQHandler              
0000215b  PORT4_IRQHandler              
0000215b  PORT5_IRQHandler              
0000215b  PORT6_IRQHandler              
0000215b  PSS_IRQHandler                
0000215b  PendSV_Handler                
0000215b  RTC_C_IRQHandler              
0000214f  Reset_Handler                 
0000215b  SVC_Handler                   
0000215b  SysTick_Handler               
20000328  SystemCoreClock               
0000147d  SystemCoreClockUpdate         
000016f5  SystemInit                    
0000215b  T32_INT1_IRQHandler           
0000215b  T32_INT2_IRQHandler           
0000215b  T32_INTC_IRQHandler           
00000711  TA0_0_IRQHandler              
00000711  TA0_0_IRQHandler              
0000215b  TA0_N_IRQHandler              
0000215b  TA1_0_IRQHandler              
0000215b  TA1_N_IRQHandler              
0000215b  TA2_0_IRQHandler              
0000215b  TA2_N_IRQHandler              
0000215b  TA3_0_IRQHandler              
0000215b  TA3_N_IRQHandler              
0000215b  UsageFault_Handler            
4000480c  WDTCTL_SYM                    
0000215b  WDT_A_IRQHandler              
20010000  __STACK_END                   
00000200  __STACK_SIZE                  
00002448  __TI_CINIT_Base               
00002458  __TI_CINIT_Limit              
00002430  __TI_Handler_Table_Base       
0000243c  __TI_Handler_Table_Limit      
0000205d  __TI_auto_init_nobinit_nopinit
00001fad  __TI_decompress_lzss          
00002141  __TI_decompress_none          
ffffffff  __TI_pprof_out_hndl           
ffffffff  __TI_prof_data_size           
ffffffff  __TI_prof_data_start          
00000000  __TI_static_base__            
0000212f  __TI_zero_init_nomemset       
00001ea1  __aeabi_cdcmpeq               
00001ea1  __aeabi_cdcmple               
00001f27  __aeabi_cdrcmple              
00002015  __aeabi_d2iz                  
000017bb  __aeabi_dadd                  
00001ac1  __aeabi_ddiv                  
00001d09  __aeabi_dmul                  
000017b1  __aeabi_dsub                  
0000215d  __aeabi_errno_addr            
000020d9  __aeabi_i2d                   
00001e05  __aeabi_memcpy                
00001e05  __aeabi_memcpy4               
00001e05  __aeabi_memcpy8               
ffffffff  __binit__                     
ffffffff  __c_args__                    
UNDEFED   __mpu_init                    
2000fe00  __stack                       
000020a1  _c_int00_noargs               
UNDEFED   _system_post_cinit            
00002165  _system_pre_init              
00002169  abort                         
ffffffff  binit                         
00000337  clear_LCD                     
00000541  config_SPI                    
000005dd  config_TIMER_A                
00002107  copysign                      
00002107  copysignl                     
000001c7  delay_us                      
20000324  errno                         
00000895  get_waveform_parameters       
00000355  home_LCD                      
20000358  i                             
00000245  init_LCD                      
000003bf  init_keypad                   
00000000  interruptVectors              
000003f5  keypad_getkey                 
00001bf9  ldexp                         
00001bf9  ldexpl                        
0000060d  main                          
00001e05  memcpy                        
00000223  nibble                        
000004fd  poll_poundkey                 
00000abd  pow                           
00000abd  powl                          
00001bf9  scalbn                        
00001bf9  scalbnl                       
0000036d  second_line_LCD               
000000e5  set_DCO                       
00001969  sqrt                          
00001969  sqrtl                         
000009c7  string_to_int                 
0000211b  strlen                        
000002e9  write_char_LCD                
00000385  write_string_LCD              


GLOBAL SYMBOLS: SORTED BY Symbol Address 

address   name                          
-------   ----                          
00000000  __TI_static_base__            
00000000  interruptVectors              
000000e5  set_DCO                       
000001c7  delay_us                      
00000200  __STACK_SIZE                  
00000223  nibble                        
00000245  init_LCD                      
000002e9  write_char_LCD                
00000337  clear_LCD                     
00000355  home_LCD                      
0000036d  second_line_LCD               
00000385  write_string_LCD              
000003bf  init_keypad                   
000003f5  keypad_getkey                 
000004fd  poll_poundkey                 
00000541  config_SPI                    
0000058d  Drive_DAC                     
000005dd  config_TIMER_A                
0000060d  main                          
00000711  TA0_0_IRQHandler              
00000711  TA0_0_IRQHandler              
00000895  get_waveform_parameters       
000009c7  string_to_int                 
00000abd  pow                           
00000abd  powl                          
0000147d  SystemCoreClockUpdate         
000016f5  SystemInit                    
000017b1  __aeabi_dsub                  
000017bb  __aeabi_dadd                  
00001969  sqrt                          
00001969  sqrtl                         
00001ac1  __aeabi_ddiv                  
00001bf9  ldexp                         
00001bf9  ldexpl                        
00001bf9  scalbn                        
00001bf9  scalbnl                       
00001d09  __aeabi_dmul                  
00001e05  __aeabi_memcpy                
00001e05  __aeabi_memcpy4               
00001e05  __aeabi_memcpy8               
00001e05  memcpy                        
00001ea1  __aeabi_cdcmpeq               
00001ea1  __aeabi_cdcmple               
00001f27  __aeabi_cdrcmple              
00001fad  __TI_decompress_lzss          
00002015  __aeabi_d2iz                  
0000205d  __TI_auto_init_nobinit_nopinit
000020a1  _c_int00_noargs               
000020d9  __aeabi_i2d                   
00002107  copysign                      
00002107  copysignl                     
0000211b  strlen                        
0000212f  __TI_zero_init_nomemset       
00002141  __TI_decompress_none          
0000214f  Reset_Handler                 
0000215b  ADC14_IRQHandler              
0000215b  AES256_IRQHandler             
0000215b  BusFault_Handler              
0000215b  COMP_E0_IRQHandler            
0000215b  COMP_E1_IRQHandler            
0000215b  CS_IRQHandler                 
0000215b  DMA_ERR_IRQHandler            
0000215b  DMA_INT0_IRQHandler           
0000215b  DMA_INT1_IRQHandler           
0000215b  DMA_INT2_IRQHandler           
0000215b  DMA_INT3_IRQHandler           
0000215b  DebugMon_Handler              
0000215b  Default_Handler               
0000215b  EUSCIA0_IRQHandler            
0000215b  EUSCIA1_IRQHandler            
0000215b  EUSCIA2_IRQHandler            
0000215b  EUSCIA3_IRQHandler            
0000215b  EUSCIB0_IRQHandler            
0000215b  EUSCIB1_IRQHandler            
0000215b  EUSCIB2_IRQHandler            
0000215b  EUSCIB3_IRQHandler            
0000215b  FLCTL_IRQHandler              
0000215b  FPU_IRQHandler                
0000215b  HardFault_Handler             
0000215b  MemManage_Handler             
0000215b  NMI_Handler                   
0000215b  PCM_IRQHandler                
0000215b  PORT1_IRQHandler              
0000215b  PORT2_IRQHandler              
0000215b  PORT3_IRQHandler              
0000215b  PORT4_IRQHandler              
0000215b  PORT5_IRQHandler              
0000215b  PORT6_IRQHandler              
0000215b  PSS_IRQHandler                
0000215b  PendSV_Handler                
0000215b  RTC_C_IRQHandler              
0000215b  SVC_Handler                   
0000215b  SysTick_Handler               
0000215b  T32_INT1_IRQHandler           
0000215b  T32_INT2_IRQHandler           
0000215b  T32_INTC_IRQHandler           
0000215b  TA0_N_IRQHandler              
0000215b  TA1_0_IRQHandler              
0000215b  TA1_N_IRQHandler              
0000215b  TA2_0_IRQHandler              
0000215b  TA2_N_IRQHandler              
0000215b  TA3_0_IRQHandler              
0000215b  TA3_N_IRQHandler              
0000215b  UsageFault_Handler            
0000215b  WDT_A_IRQHandler              
0000215d  __aeabi_errno_addr            
00002165  _system_pre_init              
00002169  C$$EXIT                       
00002169  abort                         
00002430  __TI_Handler_Table_Base       
0000243c  __TI_Handler_Table_Limit      
00002448  __TI_CINIT_Base               
00002458  __TI_CINIT_Limit              
20000324  errno                         
20000328  SystemCoreClock               
20000358  i                             
2000fe00  __stack                       
20010000  __STACK_END                   
4000480c  WDTCTL_SYM                    
ffffffff  __TI_pprof_out_hndl           
ffffffff  __TI_prof_data_size           
ffffffff  __TI_prof_data_start          
ffffffff  __binit__                     
ffffffff  __c_args__                    
ffffffff  binit                         
UNDEFED   __mpu_init                    
UNDEFED   _system_post_cinit            

[127 symbols]
