******************************************************************************
                  TI ARM Linker PC v18.1.1                     
******************************************************************************
>> Linked Mon Apr 16 20:29:13 2018

OUTPUT FILE NAME:   <A4_Keypad.out>
ENTRY POINT SYMBOL: "_c_int00_noargs"  address: 000009dd


MEMORY CONFIGURATION

         name            origin    length      used     unused   attr    fill
----------------------  --------  ---------  --------  --------  ----  --------
  MAIN                  00000000   00040000  00000a8d  0003f573  R  X
  INFO                  00200000   00004000  00000000  00004000  R  X
  SRAM_CODE             01000000   00010000  00000209  0000fdf7  RW X
  SRAM_DATA             20000000   00010000  00000209  0000fdf7  RW  


SEGMENT ALLOCATION MAP

run origin  load origin   length   init length attrs members
----------  ----------- ---------- ----------- ----- -------
00000000    00000000    00000a90   00000a90    r-x
  00000000    00000000    000000e4   000000e4    r-- .intvecs
  000000e4    000000e4    00000966   00000966    r-x .text
  00000a4a    00000a4a    00000013   00000013    r-- .const
  00000a60    00000a60    00000030   00000030    r-- .cinit
20000000    20000000    0000000c   00000000    rw-
  20000000    20000000    00000005   00000000    rw- .bss
  20000008    20000008    00000004   00000000    rw- .data
2000fe00    2000fe00    00000200   00000000    rw-
  2000fe00    2000fe00    00000200   00000000    rw- .stack


SECTION ALLOCATION MAP

 output                                  attributes/
section   page    origin      length       input sections
--------  ----  ----------  ----------   ----------------
.intvecs   0    00000000    000000e4     
                  00000000    000000e4     startup_msp432p401r_ccs.obj (.intvecs:retain)

.text      0    000000e4    00000966     
                  000000e4    0000047c     main.obj (.text)
                  00000560    00000334     system_msp432p401r.obj (.text)
                  00000894    0000009c     rtsv7M4_T_le_v4SPD16_eabi.lib : memcpy_t2.asm.obj (.text)
                  00000930    00000068                                   : copy_decompress_lzss.c.obj (.text:decompress:lzss:__TI_decompress_lzss)
                  00000998    00000044                                   : autoinit.c.obj (.text:__TI_auto_init_nobinit_nopinit:__TI_auto_init_nobinit_nopinit)
                  000009dc    00000038                                   : boot_cortex_m.c.obj (.text:_c_int00_noargs:_c_int00_noargs)
                  00000a14    00000012                                   : copy_zero_init.c.obj (.text:decompress:ZI:__TI_zero_init_nomemset:__TI_zero_init_nomemset)
                  00000a26    0000000e                                   : copy_decompress_none.c.obj (.text:decompress:none:__TI_decompress_none)
                  00000a34    0000000e     startup_msp432p401r_ccs.obj (.text)
                  00000a42    00000004     rtsv7M4_T_le_v4SPD16_eabi.lib : pre_init.c.obj (.text:_system_pre_init)
                  00000a46    00000004                                   : exit.c.obj (.text:abort:abort)

.const     0    00000a4a    00000013     
                  00000a4a    0000000f     main.obj (.const:.string:$P$T1$2)
                  00000a59    00000004     main.obj (.const:.string:$P$T0$1)

.cinit     0    00000a60    00000030     
                  00000a60    0000000c     (__TI_handler_table)
                  00000a6c    00000004     --HOLE-- [fill = 0]
                  00000a70    00000008     (.cinit..bss.load) [load image, compression = zero_init]
                  00000a78    00000008     (.cinit..data.load) [load image, compression = lzss]
                  00000a80    00000010     (__TI_cinit_table)

.init_array 
*          0    00000000    00000000     UNINITIALIZED

.binit     0    00000000    00000000     

.bss       0    20000000    00000005     UNINITIALIZED
                  20000000    00000004     (.common:i)
                  20000004    00000001     (.common:key)

.data      0    20000008    00000004     UNINITIALIZED
                  20000008    00000004     system_msp432p401r.obj (.data)

.stack     0    2000fe00    00000200     UNINITIALIZED
                  2000fe00    00000004     rtsv7M4_T_le_v4SPD16_eabi.lib : boot_cortex_m.c.obj (.stack)
                  2000fe04    000001fc     --HOLE--

MODULE SUMMARY

       Module                        code   ro data   rw data
       ------                        ----   -------   -------
    .\
       main.obj                      1148   19        10     
       system_msp432p401r.obj        820    0         8      
       startup_msp432p401r_ccs.obj   14     228       0      
    +--+-----------------------------+------+---------+---------+
       Total:                        1982   247       18     
                                                             
    C:\ti\ccsv8\tools\compiler\ti-cgt-arm_18.1.1.LTS\lib\rtsv7M4_T_le_v4SPD16_eabi.lib
       memcpy_t2.asm.obj             156    0         0      
       copy_decompress_lzss.c.obj    104    0         0      
       autoinit.c.obj                68     0         0      
       boot_cortex_m.c.obj           56     0         0      
       copy_zero_init.c.obj          18     0         0      
       copy_decompress_none.c.obj    14     0         0      
       exit.c.obj                    4      0         0      
       pre_init.c.obj                4      0         0      
    +--+-----------------------------+------+---------+---------+
       Total:                        424    0         0      
                                                             
       Stack:                        0      0         1024   
       Linker Generated:             0      44        0      
    +--+-----------------------------+------+---------+---------+
       Grand Total:                  2406   291       1042   


LINKER GENERATED COPY TABLES

__TI_cinit_table @ 00000a80 records: 2, size/record: 8, table size: 16
	.bss: load addr=00000a70, load size=00000008 bytes, run addr=20000000, run size=00000005 bytes, compression=zero_init
	.data: load addr=00000a78, load size=00000008 bytes, run addr=20000008, run size=00000004 bytes, compression=lzss


LINKER GENERATED HANDLER TABLE

__TI_handler_table @ 00000a60 records: 3, size/record: 4, table size: 12
	index: 0, handler: __TI_decompress_lzss
	index: 1, handler: __TI_decompress_none
	index: 2, handler: __TI_zero_init


GLOBAL SYMBOLS: SORTED ALPHABETICALLY BY Name 

address   name                          
-------   ----                          
00000a41  ADC14_IRQHandler              
00000a41  AES256_IRQHandler             
00000a41  BusFault_Handler              
00000a47  C$$EXIT                       
00000a41  COMP_E0_IRQHandler            
00000a41  COMP_E1_IRQHandler            
00000a41  CS_IRQHandler                 
00000a41  DMA_ERR_IRQHandler            
00000a41  DMA_INT0_IRQHandler           
00000a41  DMA_INT1_IRQHandler           
00000a41  DMA_INT2_IRQHandler           
00000a41  DMA_INT3_IRQHandler           
00000a41  DebugMon_Handler              
00000a41  Default_Handler               
00000a41  EUSCIA0_IRQHandler            
00000a41  EUSCIA1_IRQHandler            
00000a41  EUSCIA2_IRQHandler            
00000a41  EUSCIA3_IRQHandler            
00000a41  EUSCIB0_IRQHandler            
00000a41  EUSCIB1_IRQHandler            
00000a41  EUSCIB2_IRQHandler            
00000a41  EUSCIB3_IRQHandler            
00000a41  FLCTL_IRQHandler              
00000a41  FPU_IRQHandler                
00000a41  HardFault_Handler             
00000a41  MemManage_Handler             
00000a41  NMI_Handler                   
00000a41  PCM_IRQHandler                
00000a41  PORT1_IRQHandler              
00000a41  PORT2_IRQHandler              
00000a41  PORT3_IRQHandler              
00000a41  PORT4_IRQHandler              
00000a41  PORT5_IRQHandler              
00000a41  PORT6_IRQHandler              
00000a41  PSS_IRQHandler                
00000a41  PendSV_Handler                
00000a41  RTC_C_IRQHandler              
00000a35  Reset_Handler                 
00000a41  SVC_Handler                   
00000a41  SysTick_Handler               
20000008  SystemCoreClock               
00000561  SystemCoreClockUpdate         
000007d9  SystemInit                    
00000a41  T32_INT1_IRQHandler           
00000a41  T32_INT2_IRQHandler           
00000a41  T32_INTC_IRQHandler           
00000a41  TA0_0_IRQHandler              
00000a41  TA0_N_IRQHandler              
00000a41  TA1_0_IRQHandler              
00000a41  TA1_N_IRQHandler              
00000a41  TA2_0_IRQHandler              
00000a41  TA2_N_IRQHandler              
00000a41  TA3_0_IRQHandler              
00000a41  TA3_N_IRQHandler              
00000a41  UsageFault_Handler            
4000480c  WDTCTL_SYM                    
00000a41  WDT_A_IRQHandler              
20010000  __STACK_END                   
00000200  __STACK_SIZE                  
00000a80  __TI_CINIT_Base               
00000a90  __TI_CINIT_Limit              
00000a60  __TI_Handler_Table_Base       
00000a6c  __TI_Handler_Table_Limit      
00000999  __TI_auto_init_nobinit_nopinit
00000931  __TI_decompress_lzss          
00000a27  __TI_decompress_none          
ffffffff  __TI_pprof_out_hndl           
ffffffff  __TI_prof_data_size           
ffffffff  __TI_prof_data_start          
00000000  __TI_static_base__            
00000a15  __TI_zero_init_nomemset       
00000895  __aeabi_memcpy                
00000895  __aeabi_memcpy4               
00000895  __aeabi_memcpy8               
ffffffff  __binit__                     
ffffffff  __c_args__                    
UNDEFED   __mpu_init                    
2000fe00  __stack                       
000009dd  _c_int00_noargs               
UNDEFED   _system_post_cinit            
00000a43  _system_pre_init              
00000a47  abort                         
ffffffff  binit                         
00000285  clear_LCD                     
000000e5  delay_us                      
000002a3  home_LCD                      
20000000  i                             
00000163  init_LCD                      
000003ed  init_keypad                   
00000000  interruptVectors              
20000004  key                           
00000409  keypad_getkey                 
0000039d  main                          
00000895  memcpy                        
00000141  nibble                        
000002bb  set_DCO                       
00000207  write_char_LCD                
00000255  write_string_LCD              


GLOBAL SYMBOLS: SORTED BY Symbol Address 

address   name                          
-------   ----                          
00000000  __TI_static_base__            
00000000  interruptVectors              
000000e5  delay_us                      
00000141  nibble                        
00000163  init_LCD                      
00000200  __STACK_SIZE                  
00000207  write_char_LCD                
00000255  write_string_LCD              
00000285  clear_LCD                     
000002a3  home_LCD                      
000002bb  set_DCO                       
0000039d  main                          
000003ed  init_keypad                   
00000409  keypad_getkey                 
00000561  SystemCoreClockUpdate         
000007d9  SystemInit                    
00000895  __aeabi_memcpy                
00000895  __aeabi_memcpy4               
00000895  __aeabi_memcpy8               
00000895  memcpy                        
00000931  __TI_decompress_lzss          
00000999  __TI_auto_init_nobinit_nopinit
000009dd  _c_int00_noargs               
00000a15  __TI_zero_init_nomemset       
00000a27  __TI_decompress_none          
00000a35  Reset_Handler                 
00000a41  ADC14_IRQHandler              
00000a41  AES256_IRQHandler             
00000a41  BusFault_Handler              
00000a41  COMP_E0_IRQHandler            
00000a41  COMP_E1_IRQHandler            
00000a41  CS_IRQHandler                 
00000a41  DMA_ERR_IRQHandler            
00000a41  DMA_INT0_IRQHandler           
00000a41  DMA_INT1_IRQHandler           
00000a41  DMA_INT2_IRQHandler           
00000a41  DMA_INT3_IRQHandler           
00000a41  DebugMon_Handler              
00000a41  Default_Handler               
00000a41  EUSCIA0_IRQHandler            
00000a41  EUSCIA1_IRQHandler            
00000a41  EUSCIA2_IRQHandler            
00000a41  EUSCIA3_IRQHandler            
00000a41  EUSCIB0_IRQHandler            
00000a41  EUSCIB1_IRQHandler            
00000a41  EUSCIB2_IRQHandler            
00000a41  EUSCIB3_IRQHandler            
00000a41  FLCTL_IRQHandler              
00000a41  FPU_IRQHandler                
00000a41  HardFault_Handler             
00000a41  MemManage_Handler             
00000a41  NMI_Handler                   
00000a41  PCM_IRQHandler                
00000a41  PORT1_IRQHandler              
00000a41  PORT2_IRQHandler              
00000a41  PORT3_IRQHandler              
00000a41  PORT4_IRQHandler              
00000a41  PORT5_IRQHandler              
00000a41  PORT6_IRQHandler              
00000a41  PSS_IRQHandler                
00000a41  PendSV_Handler                
00000a41  RTC_C_IRQHandler              
00000a41  SVC_Handler                   
00000a41  SysTick_Handler               
00000a41  T32_INT1_IRQHandler           
00000a41  T32_INT2_IRQHandler           
00000a41  T32_INTC_IRQHandler           
00000a41  TA0_0_IRQHandler              
00000a41  TA0_N_IRQHandler              
00000a41  TA1_0_IRQHandler              
00000a41  TA1_N_IRQHandler              
00000a41  TA2_0_IRQHandler              
00000a41  TA2_N_IRQHandler              
00000a41  TA3_0_IRQHandler              
00000a41  TA3_N_IRQHandler              
00000a41  UsageFault_Handler            
00000a41  WDT_A_IRQHandler              
00000a43  _system_pre_init              
00000a47  C$$EXIT                       
00000a47  abort                         
00000a60  __TI_Handler_Table_Base       
00000a6c  __TI_Handler_Table_Limit      
00000a80  __TI_CINIT_Base               
00000a90  __TI_CINIT_Limit              
20000000  i                             
20000004  key                           
20000008  SystemCoreClock               
2000fe00  __stack                       
20010000  __STACK_END                   
4000480c  WDTCTL_SYM                    
ffffffff  __TI_pprof_out_hndl           
ffffffff  __TI_prof_data_size           
ffffffff  __TI_prof_data_start          
ffffffff  __binit__                     
ffffffff  __c_args__                    
ffffffff  binit                         
UNDEFED   __mpu_init                    
UNDEFED   _system_post_cinit            

[98 symbols]
